[
    {
        "file": "VALUE_REMOVED_FOR_TEST",
        "kind": "module",
        "members": [
            {
                "char": 1,
                "deco": "VALUE_REMOVED_FOR_TEST",
                "endchar": 16,
                "endline": 15,
                "kind": "function",
                "line": 15,
                "name": "_staticCtor_L15_C1",
                "storageClass": [
                    "static"
                ]
            },
            {
                "char": 1,
                "deco": "VALUE_REMOVED_FOR_TEST",
                "endchar": 17,
                "endline": 17,
                "kind": "function",
                "line": 17,
                "name": "_staticDtor_L17_C1",
                "storageClass": [
                    "static"
                ]
            },
            {
                "char": 11,
                "deco": "VALUE_REMOVED_FOR_TEST",
                "kind": "alias",
                "line": 20,
                "name": "myInt"
            },
            {
                "char": 7,
                "deco": "VALUE_REMOVED_FOR_TEST",
                "kind": "variable",
                "line": 21,
                "name": "x",
                "originalType": "myInt"
            },
            {
                "char": 1,
                "kind": "template",
                "line": 23,
                "members": [
                    {
                        "char": 1,
                        "kind": "struct",
                        "line": 23,
                        "members": [
                            {
                                "char": 19,
                                "kind": "variable",
                                "line": 23,
                                "name": "t",
                                "type": "T"
                            }
                        ],
                        "name": "Foo"
                    }
                ],
                "name": "Foo",
                "parameters": [
                    {
                        "kind": "type",
                        "name": "T"
                    }
                ]
            },
            {
                "char": 1,
                "kind": "template",
                "line": 24,
                "members": [
                    {
                        "char": 1,
                        "kind": "class",
                        "line": 24,
                        "members": [
                            {
                                "char": 25,
                                "deco": "VALUE_REMOVED_FOR_TEST",
                                "init": "T",
                                "kind": "variable",
                                "line": 24,
                                "name": "t"
                            }
                        ],
                        "name": "Bar"
                    }
                ],
                "name": "Bar",
                "parameters": [
                    {
                        "deco": "VALUE_REMOVED_FOR_TEST",
                        "kind": "value",
                        "name": "T"
                    }
                ]
            },
            {
                "char": 1,
                "kind": "template",
                "line": 25,
                "members": [
                    {
                        "char": 1,
                        "kind": "interface",
                        "line": 25,
                        "members": [
                            {
                                "char": 28,
                                "kind": "function",
                                "line": 25,
                                "name": "t",
                                "type": "const T[0]()"
                            }
                        ],
                        "name": "Baz"
                    }
                ],
                "name": "Baz",
                "parameters": [
                    {
                        "kind": "tuple",
                        "name": "T"
                    }
                ]
            },
            {
                "char": 1,
                "kind": "template",
                "line": 27,
                "members": [],
                "name": "P",
                "parameters": [
                    {
                        "kind": "alias",
                        "name": "T"
                    }
                ]
            },
            {
                "base": "json.Bar!1.Bar",
                "char": 1,
                "interfaces": [
                    "json.Baz!(int, 2, null).Baz"
                ],
                "kind": "class",
                "line": 29,
                "members": [
                    {
                        "char": 5,
                        "deco": "VALUE_REMOVED_FOR_TEST",
                        "endchar": 13,
                        "endline": 30,
                        "kind": "constructor",
                        "line": 30,
                        "name": "this",
                        "originalType": "()"
                    },
                    {
                        "char": 5,
                        "deco": "VALUE_REMOVED_FOR_TEST",
                        "endchar": 14,
                        "endline": 31,
                        "kind": "destructor",
                        "line": 31,
                        "name": "~this"
                    },
                    {
                        "char": 12,
                        "deco": "VALUE_REMOVED_FOR_TEST",
                        "endchar": 19,
                        "endline": 33,
                        "kind": "function",
                        "line": 33,
                        "name": "foo",
                        "originalType": "()",
                        "storageClass": [
                            "static"
                        ]
                    },
                    {
                        "char": 32,
                        "deco": "VALUE_REMOVED_FOR_TEST",
                        "kind": "function",
                        "line": 34,
                        "name": "baz",
                        "protection": "protected",
                        "storageClass": [
                            "abstract"
                        ]
                    },
                    {
                        "char": 18,
                        "deco": "VALUE_REMOVED_FOR_TEST",
                        "endchar": 40,
                        "endline": 35,
                        "kind": "function",
                        "line": 35,
                        "name": "t",
                        "overrides": [
                            "json.Baz!(int, 2, null).Baz.t"
                        ],
                        "storageClass": [
                            "override"
                        ]
                    },
                    {
                        "kind": "alias",
                        "name": "__xdtor"
                    }
                ],
                "name": "Bar2"
            },
            {
                "base": "json.Bar2",
                "char": 1,
                "kind": "class",
                "line": 38,
                "members": [
                    {
                        "char": 17,
                        "deco": "VALUE_REMOVED_FOR_TEST",
                        "kind": "variable",
                        "line": 39,
                        "name": "val",
                        "offset": 0,
                        "protection": "private"
                    },
                    {
                        "char": 5,
                        "deco": "VALUE_REMOVED_FOR_TEST",
                        "endchar": 28,
                        "endline": 40,
                        "kind": "constructor",
                        "line": 40,
                        "name": "this",
                        "originalType": "(int i)",
                        "parameters": [
                            {
                                "deco": "VALUE_REMOVED_FOR_TEST",
                                "name": "i"
                            }
                        ]
                    },
                    {
                        "char": 32,
                        "deco": "VALUE_REMOVED_FOR_TEST",
                        "endchar": 61,
                        "endline": 42,
                        "kind": "function",
                        "line": 42,
                        "name": "baz",
                        "overrides": [
                            "json.Bar2.baz"
                        ],
                        "protection": "protected",
                        "storageClass": [
                            "override"
                        ]
                    }
                ],
                "name": "Bar3"
            },
            {
                "char": 1,
                "kind": "struct",
                "line": 45,
                "members": [
                    {
                        "char": 10,
                        "deco": "VALUE_REMOVED_FOR_TEST",
                        "kind": "variable",
                        "line": 46,
                        "name": "bar2",
                        "offset": 0,
                        "originalType": "Bar2"
                    },
                    {
                        "char": 5,
                        "kind": "union",
                        "line": 47,
                        "members": [
                            {
                                "char": 19,
                                "deco": "VALUE_REMOVED_FOR_TEST",
                                "kind": "variable",
                                "line": 49,
                                "name": "s",
                                "offset": 0
                            },
                            {
                                "char": 17,
                                "deco": "VALUE_REMOVED_FOR_TEST",
                                "kind": "variable",
                                "line": 50,
                                "name": "i",
                                "offset": 0
                            },
                            {
                                "char": 16,
                                "deco": "VALUE_REMOVED_FOR_TEST",
                                "kind": "variable",
                                "line": 52,
                                "name": "o",
                                "offset": 0,
                                "originalType": "Object"
                            }
                        ],
                        "name": "U"
                    }
                ],
                "name": "Foo2"
            },
            {
                "char": 1,
                "kind": "template",
                "line": 56,
                "members": [
                    {
                        "char": 1,
                        "kind": "struct",
                        "line": 56,
                        "members": [
                            {
                                "char": 14,
                                "kind": "function",
                                "line": 59,
                                "name": "method1",
                                "type": "void()"
                            },
                            {
                                "char": 14,
                                "kind": "function",
                                "line": 63,
                                "name": "method2",
                                "type": "void()"
                            },
                            {
                                "char": 10,
                                "kind": "function",
                                "line": 70,
                                "name": "method4",
                                "type": "void()"
                            }
                        ],
                        "name": "Foo3"
                    }
                ],
                "name": "Foo3",
                "parameters": [
                    {
                        "deco": "VALUE_REMOVED_FOR_TEST",
                        "kind": "value",
                        "name": "b"
                    }
                ]
            },
            {
                "char": 16,
                "deco": "VALUE_REMOVED_FOR_TEST",
                "endchar": 1,
                "endline": 79,
                "kind": "function",
                "line": 76,
                "name": "bar",
                "originalType": "@trusted myInt(ref uint blah, Bar2 foo = new Bar3(7))",
                "parameters": [
                    {
                        "deco": "VALUE_REMOVED_FOR_TEST",
                        "name": "blah",
                        "storageClass": [
                            "ref"
                        ]
                    },
                    {
                        "deco": "VALUE_REMOVED_FOR_TEST",
                        "default": "new Bar3(7)",
                        "name": "foo"
                    }
                ]
            },
            {
                "char": 15,
                "deco": "VALUE_REMOVED_FOR_TEST",
                "endchar": 1,
                "endline": 98,
                "kind": "function",
                "line": 81,
                "name": "outer"
            },
            {
                "char": 8,
                "kind": "import",
                "line": 101,
                "name": "imports.jsonimport1",
                "protection": "private",
                "selective": [
                    "target1",
                    "target2"
                ]
            },
            {
                "char": 8,
                "kind": "import",
                "line": 102,
                "name": "imports.jsonimport2",
                "protection": "private",
                "renamed": {
                    "alias1": "target1",
                    "alias2": "target2"
                }
            },
            {
                "char": 8,
                "kind": "import",
                "line": 103,
                "name": "imports.jsonimport3",
                "protection": "private",
                "renamed": {
                    "alias3": "target1",
                    "alias4": "target2"
                },
                "selective": [
                    "target3"
                ]
            },
            {
                "char": 8,
                "kind": "import",
                "line": 104,
                "name": "imports.jsonimport4",
                "protection": "private"
            },
            {
                "char": 1,
                "kind": "struct",
                "line": 106,
                "members": [
                    {
                        "char": 5,
                        "kind": "template",
                        "line": 109,
                        "members": [
                            {
                                "char": 5,
                                "endchar": 20,
                                "endline": 109,
                                "kind": "constructor",
                                "line": 109,
                                "name": "this",
                                "parameters": [
                                    {
                                        "name": "t",
                                        "type": "T"
                                    }
                                ],
                                "type": "(T t)"
                            }
                        ],
                        "name": "this",
                        "parameters": [
                            {
                                "kind": "type",
                                "name": "T"
                            }
                        ]
                    }
                ],
                "name": "S"
            },
            {
                "char": 9,
                "kind": "template",
                "line": 113,
                "members": [
                    {
                        "char": 9,
                        "kind": "struct",
                        "line": 113,
                        "members": [],
                        "name": "S1_9755"
                    }
                ],
                "name": "S1_9755",
                "parameters": [
                    {
                        "kind": "type",
                        "name": "T"
                    }
                ],
                "protection": "private"
            },
            {
                "char": 9,
                "kind": "template",
                "line": 114,
                "members": [
                    {
                        "char": 9,
                        "kind": "struct",
                        "line": 114,
                        "members": [],
                        "name": "S2_9755"
                    }
                ],
                "name": "S2_9755",
                "parameters": [
                    {
                        "kind": "type",
                        "name": "T"
                    }
                ],
                "protection": "package"
            },
            {
                "char": 1,
                "kind": "class",
                "line": 116,
                "members": [
                    {
                        "char": 22,
                        "kind": "template",
                        "line": 118,
                        "members": [
                            {
                                "char": 22,
                                "kind": "class",
                                "line": 118,
                                "members": [],
                                "name": "CI_9755"
                            }
                        ],
                        "name": "CI_9755",
                        "parameters": [
                            {
                                "kind": "type",
                                "name": "T"
                            }
                        ],
                        "protection": "protected"
                    }
                ],
                "name": "C_9755"
            },
            {
                "char": 14,
                "deco": "VALUE_REMOVED_FOR_TEST",
                "init": "Object()",
                "kind": "variable",
                "line": 122,
                "name": "c_10011",
                "originalType": "Object",
                "storageClass": [
                    "const"
                ]
            },
            {
                "baseDeco": "i",
                "char": 1,
                "kind": "enum",
                "line": 125,
                "members": [
                    {
                        "char": 5,
                        "kind": "enum member",
                        "line": 127,
                        "name": "unspecified1",
                        "value": "0"
                    },
                    {
                        "char": 5,
                        "kind": "enum member",
                        "line": 128,
                        "name": "one",
                        "value": "2"
                    },
                    {
                        "char": 5,
                        "kind": "enum member",
                        "line": 129,
                        "name": "two",
                        "value": "3"
                    },
                    {
                        "char": 5,
                        "kind": "enum member",
                        "line": 130,
                        "name": "FILE_NOT_FOUND",
                        "value": "101"
                    },
                    {
                        "char": 5,
                        "kind": "enum member",
                        "line": 131,
                        "name": "unspecified3",
                        "value": "102"
                    },
                    {
                        "char": 5,
                        "kind": "enum member",
                        "line": 132,
                        "name": "unspecified4",
                        "value": "103"
                    },
                    {
                        "char": 5,
                        "kind": "enum member",
                        "line": 133,
                        "name": "four",
                        "value": "4"
                    }
                ],
                "name": "Numbers"
            },
            {
                "char": 1,
                "constraint": "T == string",
                "kind": "template",
                "line": 136,
                "members": [],
                "name": "IncludeConstraint",
                "parameters": [
                    {
                        "kind": "type",
                        "name": "T"
                    }
                ]
            },
            {
                "char": 5,
                "deco": "VALUE_REMOVED_FOR_TEST",
                "file": "VALUE_REMOVED_FOR_TEST",
                "init": "1",
                "kind": "variable",
                "line": 140,
                "name": "a0"
            },
            {
                "char": 5,
                "deco": "VALUE_REMOVED_FOR_TEST",
                "init": "1",
                "kind": "variable",
                "line": 140,
                "name": "a1"
            },
            {
                "char": 5,
                "deco": "VALUE_REMOVED_FOR_TEST",
                "init": "1",
                "kind": "variable",
                "line": 140,
                "name": "a2"
            },
            {
                "char": 1,
                "file": "VALUE_REMOVED_FOR_TEST",
                "kind": "template",
                "line": 143,
                "members": [
                    {
                        "char": 1,
                        "kind": "alias",
                        "line": 143,
                        "name": "Seq",
                        "type": "T"
                    }
                ],
                "name": "Seq",
                "parameters": [
                    {
                        "kind": "tuple",
                        "name": "T"
                    }
                ]
            },
            {},
            {
                "char": 1,
                "file": "VALUE_REMOVED_FOR_TEST",
                "kind": "alias",
                "line": 147,
                "name": "b0"
            },
            {},
            {
                "char": 1,
                "kind": "alias",
                "line": 147,
                "name": "b1"
            },
            {},
            {
                "char": 1,
                "kind": "alias",
                "line": 147,
                "name": "b2"
            },
            {
                "char": 9,
                "deco": "VALUE_REMOVED_FOR_TEST",
                "endchar": 1,
                "endline": 154,
                "file": "VALUE_REMOVED_FOR_TEST",
                "kind": "function",
                "line": 151,
                "name": "foo",
                "parameters": [
                    {
                        "deco": "VALUE_REMOVED_FOR_TEST",
                        "name": "a",
                        "storageClass": [
                            "ref",
                            "return"
                        ]
                    }
                ]
            },
            {
                "char": 6,
                "deco": "VALUE_REMOVED_FOR_TEST",
                "endchar": 1,
                "endline": 159,
                "kind": "function",
                "line": 156,
                "name": "foo",
                "parameters": [
                    {
                        "deco": "VALUE_REMOVED_FOR_TEST",
                        "name": "a",
                        "storageClass": [
                            "scope",
                            "return"
                        ]
                    }
                ]
            },
            {
                "char": 10,
                "deco": "VALUE_REMOVED_FOR_TEST",
                "endchar": 1,
                "endline": 164,
                "kind": "function",
                "line": 161,
                "name": "foo",
                "parameters": [
                    {
                        "deco": "VALUE_REMOVED_FOR_TEST",
                        "name": "a",
                        "storageClass": [
                            "scope",
                            "ref",
                            "return"
                        ]
                    }
                ]
            },
            {
                "char": 1,
                "kind": "struct",
                "line": 166,
                "members": [
                    {
                        "char": 15,
                        "deco": "VALUE_REMOVED_FOR_TEST",
                        "endchar": 5,
                        "endline": 172,
                        "kind": "function",
                        "line": 169,
                        "name": "foo"
                    },
                    {
                        "char": 11,
                        "deco": "VALUE_REMOVED_FOR_TEST",
                        "endchar": 5,
                        "endline": 177,
                        "kind": "function",
                        "line": 174,
                        "name": "foo2"
                    },
                    {
                        "char": 15,
                        "deco": "VALUE_REMOVED_FOR_TEST",
                        "endchar": 5,
                        "endline": 182,
                        "kind": "function",
                        "line": 179,
                        "name": "foo3"
                    },
                    {
                        "char": 7,
                        "deco": "VALUE_REMOVED_FOR_TEST",
                        "kind": "variable",
                        "line": 184,
                        "name": "p",
                        "offset": 0,
                        "storageClass": [
                            "@safe"
                        ]
                    }
                ],
                "name": "SafeS"
            },
            {
                "char": 12,
                "deco": "VALUE_REMOVED_FOR_TEST",
                "kind": "variable",
                "line": 187,
                "name": "vlinkageDefault",
                "storageClass": [
                    "extern"
                ]
            },
            {
                "char": 15,
                "deco": "VALUE_REMOVED_FOR_TEST",
                "kind": "variable",
                "line": 188,
                "name": "vlinkageD"
            },
            {
                "char": 15,
                "deco": "VALUE_REMOVED_FOR_TEST",
                "kind": "variable",
                "line": 189,
                "linkage": "c",
                "name": "vlinakgeC"
            },
            {
                "char": 27,
                "deco": "VALUE_REMOVED_FOR_TEST",
                "kind": "variable",
                "line": 190,
                "linkage": "cpp",
                "name": "vlinkageCpp",
                "storageClass": [
                    "__gshared"
                ]
            },
            {
                "char": 21,
                "deco": "VALUE_REMOVED_FOR_TEST",
                "kind": "variable",
                "line": 191,
                "linkage": "windows",
                "name": "vlinkageWindows"
            },
            {
                "char": 20,
                "deco": "VALUE_REMOVED_FOR_TEST",
                "kind": "variable",
                "line": 192,
                "linkage": "pascal",
                "name": "vlinkagePascal"
            },
            {
                "char": 25,
                "deco": "VALUE_REMOVED_FOR_TEST",
                "kind": "variable",
                "line": 193,
                "linkage": "objc",
                "name": "vlinkageObjc"
            },
            {
                "char": 12,
                "deco": "VALUE_REMOVED_FOR_TEST",
                "kind": "function",
                "line": 195,
                "name": "flinkageDefault",
                "storageClass": [
                    "extern"
                ]
            },
            {
                "char": 15,
                "deco": "VALUE_REMOVED_FOR_TEST",
                "kind": "function",
                "line": 196,
                "name": "flinkageD"
            },
            {
                "char": 15,
                "deco": "VALUE_REMOVED_FOR_TEST",
                "kind": "function",
                "line": 197,
                "linkage": "c",
                "name": "linakgeC"
            },
            {
                "char": 17,
                "deco": "VALUE_REMOVED_FOR_TEST",
                "kind": "function",
                "line": 198,
                "linkage": "cpp",
                "name": "flinkageCpp"
            },
            {
                "char": 21,
                "deco": "VALUE_REMOVED_FOR_TEST",
                "kind": "function",
                "line": 199,
                "linkage": "windows",
                "name": "flinkageWindows"
            },
            {
                "char": 20,
                "deco": "VALUE_REMOVED_FOR_TEST",
                "kind": "function",
                "line": 200,
                "linkage": "pascal",
                "name": "flinkagePascal"
            },
            {
                "char": 25,
                "deco": "VALUE_REMOVED_FOR_TEST",
                "kind": "function",
                "line": 201,
                "linkage": "objc",
                "name": "flinkageObjc"
            },
            {
                "char": 7,
                "kind": "template",
                "line": 203,
                "members": [],
                "name": "test18211",
                "parameters": [
                    {
                        "deco": "VALUE_REMOVED_FOR_TEST",
                        "kind": "value",
                        "name": "n"
                    }
                ]
            }
        ],
        "name": "json"
    }
]
